2025-04-16 17:33:00 | WARN | repo=a4m36jee-2014-web-seminar | action=commit
2025-02-12 09:23:00 | INFO | repo=a4m36jee-2014-web-seminar | action=edit | files=1
2025-07-18 14:27:00 | INFO | repo=a4m36jee-2014-web-seminar | action=pull
2025-07-15 07:51:00 | INFO | repo=a4m36jee-2014-web-seminar | action=commit
2025-07-19 19:53:00 | WARN | repo=a4m36jee-2014-web-seminar | action=edit | files=5
2025-10-05 17:27:00 | WARN | repo=a4m36jee-2014-web-seminar | action=commit
2025-09-26 20:27:00 | WARN | repo=a4m36jee-2014-web-seminar | action=edit | files=2
2025-05-05 08:39:00 | WARN | repo=a4m36jee-2014-web-seminar | action=commit
2025-02-26 15:56:00 | INFO | repo=a4m36jee-2014-web-seminar | action=commit
2025-05-20 12:16:00 | WARN | repo=a4m36jee-2014-web-seminar | action=edit | files=3
2025-03-24 14:45:00 | INFO | repo=a4m36jee-2014-web-seminar | action=commit
2025-08-04 11:47:00 | DEBUG | repo=a4m36jee-2014-web-seminar | action=test | passed=true
2025-04-25 12:24:00 | WARN | repo=a4m36jee-2014-web-seminar | action=test | passed=true
2025-02-12 12:37:00 | INFO | repo=a4m36jee-2014-web-seminar | action=edit | files=2
2025-10-03 07:00:00 | INFO | repo=a4m36jee-2014-web-seminar | action=test | passed=true
2025-03-05 14:41:00 | WARN | repo=a4m36jee-2014-web-seminar | action=pull
2025-08-14 21:10:00 | WARN | repo=a4m36jee-2014-web-seminar | action=test | passed=true
2025-07-05 08:05:00 | DEBUG | repo=a4m36jee-2014-web-seminar | action=commit
2025-04-21 16:52:00 | DEBUG | repo=a4m36jee-2014-web-seminar | action=commit
2025-12-24 18:42:00 | WARN | repo=a4m36jee-2014-web-seminar | action=commit
2025-06-02 08:35:00 | DEBUG | repo=a4m36jee-2014-web-seminar | action=pull
2025-11-02 09:52:00 | DEBUG | repo=a4m36jee-2014-web-seminar | action=commit
2025-09-22 16:48:00 | WARN | repo=a4m36jee-2014-web-seminar | action=edit | files=5
2025-04-05 14:22:00 | WARN | repo=a4m36jee-2014-web-seminar | action=commit
2025-03-12 19:15:00 | INFO | repo=a4m36jee-2014-web-seminar | action=commit
2025-07-14 10:04:00 | DEBUG | repo=a4m36jee-2014-web-seminar | action=test | passed=true
2025-07-01 07:06:00 | INFO | repo=a4m36jee-2014-web-seminar | action=commit
2025-10-12 16:32:00 | INFO | repo=a4m36jee-2014-web-seminar | action=edit | files=2
2025-07-27 08:49:00 | WARN | repo=a4m36jee-2014-web-seminar | action=commit
2025-12-01 10:07:00 | WARN | repo=a4m36jee-2014-web-seminar | action=edit | files=5
2025-05-02 07:42:00 | DEBUG | repo=a4m36jee-2014-web-seminar | action=commit
2025-09-23 18:23:00 | DEBUG | repo=a4m36jee-2014-web-seminar | action=test | passed=true
2025-01-27 08:24:00 | WARN | repo=a4m36jee-2014-web-seminar | action=test | passed=true
2025-04-23 20:50:00 | INFO | repo=a4m36jee-2014-web-seminar | action=commit
2025-05-23 21:49:00 | DEBUG | repo=a4m36jee-2014-web-seminar | action=commit
2025-07-04 07:14:00 | DEBUG | repo=a4m36jee-2014-web-seminar | action=test | passed=true
2025-11-27 12:44:00 | DEBUG | repo=a4m36jee-2014-web-seminar | action=commit
2025-07-02 20:37:00 | DEBUG | repo=a4m36jee-2014-web-seminar | action=commit
2025-06-21 21:16:00 | INFO | repo=a4m36jee-2014-web-seminar | action=edit | files=1
2025-01-22 21:44:00 | WARN | repo=a4m36jee-2014-web-seminar | action=commit
2025-11-10 18:25:00 | WARN | repo=a4m36jee-2014-web-seminar | action=pull
2025-03-22 20:10:00 | DEBUG | repo=a4m36jee-2014-web-seminar | action=pull
2025-12-05 07:43:00 | INFO | repo=a4m36jee-2014-web-seminar | action=pull
2025-06-13 15:55:00 | INFO | repo=a4m36jee-2014-web-seminar | action=commit
2025-05-05 14:11:00 | WARN | repo=a4m36jee-2014-web-seminar | action=edit | files=4
2025-01-14 07:41:00 | INFO | repo=a4m36jee-2014-web-seminar | action=commit
2025-07-03 12:35:00 | WARN | repo=a4m36jee-2014-web-seminar | action=edit | files=4
2025-11-14 10:05:00 | INFO | repo=a4m36jee-2014-web-seminar | action=edit | files=4
2025-08-10 08:00:00 | INFO | repo=a4m36jee-2014-web-seminar | action=commit
2025-04-19 13:02:00 | WARN | repo=a4m36jee-2014-web-seminar | action=edit | files=4
2025-07-24 21:13:00 | INFO | repo=a4m36jee-2014-web-seminar | action=commit
2025-09-22 15:55:00 | DEBUG | repo=a4m36jee-2014-web-seminar | action=pull
2025-11-22 07:45:00 | WARN | repo=a4m36jee-2014-web-seminar | action=commit
2025-09-14 14:57:00 | WARN | repo=a4m36jee-2014-web-seminar | action=commit
2025-12-07 18:34:00 | DEBUG | repo=a4m36jee-2014-web-seminar | action=commit
2025-07-01 15:52:00 | DEBUG | repo=a4m36jee-2014-web-seminar | action=commit
